// Jest Snapshot v1, https://goo.gl/fbAQLP

exports[`when changing by geo when providing invalid shape should return error 1`] = `
Array [
  ValidationError {
    "children": Array [],
    "constraints": Object {
      "IsMultiPolygon": "Value must be a valid Geometry(MultiPolygon)",
    },
    "property": "exclude",
    "target": PlanningUnitsByGeoJsonUpdateDto {
      "exclude": Object {
        "coordinates": Array [
          Array [
            Array [
              Array [
                102,
                2,
              ],
              Array [
                104,
                5,
              ],
              Array [
                103,
                3,
              ],
            ],
          ],
        ],
        "type": "MultiPolygon",
      },
      "include": Object {
        "coordinates": Array [
          Array [
            Array [
              Array [
                102,
                2,
              ],
              Array [
                103,
                2,
              ],
              Array [
                103,
                3,
              ],
              Array [
                102,
                3,
              ],
              Array [
                102,
                2,
              ],
            ],
          ],
          Array [
            Array [
              Array [
                100,
                0,
              ],
              Array [
                101,
                0,
              ],
              Array [
                101,
                1,
              ],
              Array [
                100,
                1,
              ],
              Array [
                100,
                0,
              ],
            ],
            Array [
              Array [
                100.2,
                0.2,
              ],
              Array [
                100.8,
                0.2,
              ],
              Array [
                100.8,
                0.8,
              ],
              Array [
                100.2,
                0.8,
              ],
              Array [
                100.2,
                0.2,
              ],
            ],
          ],
        ],
        "type": "MultiPolygon",
      },
    },
    "value": Object {
      "coordinates": Array [
        Array [
          Array [
            Array [
              102,
              2,
            ],
            Array [
              104,
              5,
            ],
            Array [
              103,
              3,
            ],
          ],
        ],
      ],
      "type": "MultiPolygon",
    },
  },
]
`;

exports[`when changing by id when providing invalid uuid should return error 1`] = `
Array [
  ValidationError {
    "children": Array [],
    "constraints": Object {
      "isUuid": "each value in include must be an UUID",
    },
    "property": "include",
    "target": PlanningUnitsByIdUpdateDto {
      "exclude": Array [
        "ab957e1d-0271-4571-b92c-19d2efec0f75",
      ],
      "include": Array [
        "non-uuid",
      ],
    },
    "value": Array [
      "non-uuid",
    ],
  },
]
`;
