// Jest Snapshot v1, https://goo.gl/fbAQLP

exports[`when changing by geo when providing invalid shape should return error 1`] = `
Array [
  ValidationError {
    "children": Array [],
    "constraints": Object {
      "IsFeatureCollectionOfPolygons": "Value must be a valid GeoJson of FeatureCollection of (Polygon/MultiPolygon)",
    },
    "property": "exclude",
    "target": PlanningUnitsByGeoJsonUpdateDto {
      "exclude": Array [
        Object {
          "features": Array [
            Object {
              "geometry": Object {
                "coordinates": Array [
                  Array [
                    Array [
                      Array [
                        102,
                        2,
                      ],
                      Array [
                        104,
                        5,
                      ],
                      Array [
                        103,
                        3,
                      ],
                    ],
                  ],
                ],
                "type": "MultiPolygon",
              },
              "properties": Object {},
              "type": "Feature",
            },
          ],
          "type": "FeatureCollection",
        },
      ],
      "include": Array [
        Object {
          "features": Array [
            Object {
              "geometry": Object {
                "coordinates": Array [
                  Array [
                    Array [
                      Array [
                        102,
                        2,
                      ],
                      Array [
                        103,
                        2,
                      ],
                      Array [
                        103,
                        3,
                      ],
                      Array [
                        102,
                        3,
                      ],
                      Array [
                        102,
                        2,
                      ],
                    ],
                  ],
                  Array [
                    Array [
                      Array [
                        100,
                        0,
                      ],
                      Array [
                        101,
                        0,
                      ],
                      Array [
                        101,
                        1,
                      ],
                      Array [
                        100,
                        1,
                      ],
                      Array [
                        100,
                        0,
                      ],
                    ],
                    Array [
                      Array [
                        100.2,
                        0.2,
                      ],
                      Array [
                        100.8,
                        0.2,
                      ],
                      Array [
                        100.8,
                        0.8,
                      ],
                      Array [
                        100.2,
                        0.8,
                      ],
                      Array [
                        100.2,
                        0.2,
                      ],
                    ],
                  ],
                ],
                "type": "MultiPolygon",
              },
              "properties": Object {},
              "type": "Feature",
            },
          ],
          "type": "FeatureCollection",
        },
      ],
    },
    "value": Array [
      Object {
        "features": Array [
          Object {
            "geometry": Object {
              "coordinates": Array [
                Array [
                  Array [
                    Array [
                      102,
                      2,
                    ],
                    Array [
                      104,
                      5,
                    ],
                    Array [
                      103,
                      3,
                    ],
                  ],
                ],
              ],
              "type": "MultiPolygon",
            },
            "properties": Object {},
            "type": "Feature",
          },
        ],
        "type": "FeatureCollection",
      },
    ],
  },
]
`;
